
> student-productivity-hub@0.1.0 build
> react-scripts build

Creating an optimized production build...
Compiled with warnings.

[eslint] 
src\components\Header.tsx
  Line 1:17:  'useState' is defined but never used  @typescript-eslint/no-unused-vars

src\components\NotificationCenter.tsx
  Line 24:13:  'today' is assigned a value but never used  @typescript-eslint/no-unused-vars

src\components\QuickShortcuts.tsx
  Line 9:11:  'darkMode' is assigned a value but never used  @typescript-eslint/no-unused-vars

src\components\Sidebar.tsx
  Line 21:13:  'user' is assigned a value but never used      @typescript-eslint/no-unused-vars
  Line 24:11:  'location' is assigned a value but never used  @typescript-eslint/no-unused-vars

src\pages\Analytics.tsx
  Line 10:3:  'BookOpen' is defined but never used  @typescript-eslint/no-unused-vars
  Line 13:3:  'Filter' is defined but never used    @typescript-eslint/no-unused-vars
  Line 14:3:  'Calendar' is defined but never used  @typescript-eslint/no-unused-vars

src\pages\Assignments.tsx
  Line 1:27:   'useEffect' is defined but never used          @typescript-eslint/no-unused-vars
  Line 18:3:   'MoreVertical' is defined but never used       @typescript-eslint/no-unused-vars
  Line 19:3:   'ArrowUpRight' is defined but never used       @typescript-eslint/no-unused-vars
  Line 32:81:  'darkMode' is assigned a value but never used  @typescript-eslint/no-unused-vars

src\pages\Dashboard.tsx
  Line 8:3:    'TrendingUp' is defined but never used         @typescript-eslint/no-unused-vars
  Line 10:3:   'AlertCircle' is defined but never used        @typescript-eslint/no-unused-vars
  Line 43:52:  'darkMode' is assigned a value but never used  @typescript-eslint/no-unused-vars

src\pages\Login.tsx
  Line 99:19:  The href attribute requires a valid value to be accessible. Provide a valid, navigable address as the href value. If you cannot provide a valid href, but still need the element to resemble a link, use a button and change it with appropriate styles. Learn more: https://github.com/jsx-eslint/eslint-plugin-jsx-a11y/blob/HEAD/docs/rules/anchor-is-valid.md  jsx-a11y/anchor-is-valid

src\pages\Schedule.tsx
  Line 1:27:   'useEffect' is defined but never used                     @typescript-eslint/no-unused-vars
  Line 10:3:   'Trash2' is defined but never used                        @typescript-eslint/no-unused-vars
  Line 27:71:  'deleteClassSchedule' is assigned a value but never used  @typescript-eslint/no-unused-vars
  Line 27:92:  'darkMode' is assigned a value but never used             @typescript-eslint/no-unused-vars

src\pages\Signup.tsx
  Line 218:32:   The href attribute requires a valid value to be accessible. Provide a valid, navigable address as the href value. If you cannot provide a valid href, but still need the element to resemble a link, use a button and change it with appropriate styles. Learn more: https://github.com/jsx-eslint/eslint-plugin-jsx-a11y/blob/HEAD/docs/rules/anchor-is-valid.md  jsx-a11y/anchor-is-valid
  Line 218:118:  The href attribute requires a valid value to be accessible. Provide a valid, navigable address as the href value. If you cannot provide a valid href, but still need the element to resemble a link, use a button and change it with appropriate styles. Learn more: https://github.com/jsx-eslint/eslint-plugin-jsx-a11y/blob/HEAD/docs/rules/anchor-is-valid.md  jsx-a11y/anchor-is-valid

src\pages\Tasks.tsx
  Line 9:3:    'AlertCircle' is defined but never used          @typescript-eslint/no-unused-vars
  Line 10:3:   'Edit2' is defined but never used                @typescript-eslint/no-unused-vars
  Line 11:3:   'Trash2' is defined but never used               @typescript-eslint/no-unused-vars
  Line 14:3:   'Circle' is defined but never used               @typescript-eslint/no-unused-vars
  Line 20:45:  'deleteTask' is assigned a value but never used  @typescript-eslint/no-unused-vars

src\pages\Timer.tsx
  Line 10:3:   'Clock' is defined but never used                                                                                         @typescript-eslint/no-unused-vars
  Line 16:3:   'Volume2' is defined but never used                                                                                       @typescript-eslint/no-unused-vars
  Line 26:11:  'SessionLog' is defined but never used                                                                                    @typescript-eslint/no-unused-vars
  Line 43:10:  'showSessionLog' is assigned a value but never used                                                                       @typescript-eslint/no-unused-vars
  Line 43:26:  'setShowSessionLog' is assigned a value but never used                                                                    @typescript-eslint/no-unused-vars
  Line 82:6:   React Hook useEffect has a missing dependency: 'handleSessionComplete'. Either include it or remove the dependency array  react-hooks/exhaustive-deps

Search for the keywords to learn more about each warning.
To ignore, add // eslint-disable-next-line to the line before.

File sizes after gzip:

  172.71 kB (+3.72 kB)  build\static\js\main.56cf4317.js
  13.61 kB              build\static\css\main.dad5120e.css

The project was built assuming it is hosted at /.
You can control this with the homepage field in your package.json.

The build folder is ready to be deployed.
You may serve it with a static server:

  npm install -g serve
  serve -s build

Find out more about deployment here:

  https://cra.link/deployment

